<?xml version="1.0" encoding="utf-8"?><testsuites><testsuite errors="0" failures="0" hostname="DESKTOP-JM4PRJ4" name="pytest" skipped="0" tests="3" time="5.273" timestamp="2019-12-31T01:17:24.206930"><testcase classname="tests.test_archer_tools" file="tests\test_archer_tools.py" line="19" name="test_good_config" time="4.456"></testcase><testcase classname="tests.test_archer_tools" file="tests\test_archer_tools.py" line="27" name="test_bad_config" time="0.001"></testcase><testcase classname="tests.test_archer_tools" file="tests\test_archer_tools.py" line="34" name="test_command_line_interface" time="0.034"></testcase></testsuite></testsuites>